../Drivers/CMSIS/Include/core_cm3.h:1499:26:__NVIC_GetPriorityGrouping	4	static
../Drivers/CMSIS/Include/core_cm3.h:1511:22:__NVIC_EnableIRQ	16	static
../Drivers/CMSIS/Include/core_cm3.h:1639:22:__NVIC_SetPriority	16	static
../Drivers/CMSIS/Include/core_cm3.h:1686:26:NVIC_EncodePriority	40	static
../Drivers/STM32F1xx_HAL_Driver/Inc/stm32f1xx_ll_gpio.h:342:22:LL_GPIO_SetPinMode	40	static,ignoring_inline_asm
../Drivers/STM32F1xx_HAL_Driver/Inc/stm32f1xx_ll_gpio.h:833:22:LL_GPIO_ResetOutputPin	16	static
../Drivers/STM32F1xx_HAL_Driver/Inc/stm32f1xx_ll_gpio.h:862:22:LL_GPIO_TogglePin	24	static
../Drivers/STM32F1xx_HAL_Driver/Inc/stm32f1xx_ll_gpio.h:2268:22:LL_GPIO_AF_SetEXTISource	24	static,ignoring_inline_asm
../Drivers/STM32F1xx_HAL_Driver/Inc/stm32f1xx_ll_bus.h:763:22:LL_APB2_GRP1_EnableClock	24	static
../Core/Src/main.c:65:5:main	8	static
../Core/Src/main.c:112:6:SystemClock_Config	72	static
../Core/Src/main.c:151:13:MX_USART2_UART_Init	8	static
../Core/Src/main.c:184:13:MX_GPIO_Init	40	static
../Core/Src/main.c:232:6:Error_Handler	4	static,ignoring_inline_asm
